// Jest Snapshot v1, https://goo.gl/fbAQLP

exports[`App component renders App 1`] = `
<BrowserRouter>
  <Header />
  <Switch>
    <Route
      component={[Function]}
      path="/"
    />
    <Route
      component={[Function]}
      path="/list/:name"
    />
    <Route
      component={Object {}}
      path="/detail"
    />
  </Switch>
  <Footer />
</BrowserRouter>
`;
