// Jest Snapshot v1, https://goo.gl/fbAQLP

exports[`App component renders App 1`] = `
<BrowserRouter>
  <Header />
  <Switch>
    <Route
      component={[Function]}
      path="/list/:search"
    />
    <Route
      component={[Function]}
      exact={true}
      path="/list"
    />
    <Route
      component={[Function]}
      path="/character/:name"
    />
    <Route
      component={[Function]}
      exact={true}
      path="/"
    />
  </Switch>
  <Footer />
</BrowserRouter>
`;
